
> landv3@0.1.0 build
> next build

   Γû▓ Next.js 16.0.10 (Turbopack)
   - Environments: .env.local

   Creating an optimized production build ...
 Γ£ô Compiled successfully in 8.8s
   Running TypeScript ...
node.exe : Failed to 
compile.
At line:1 char:1
+ & "C:\Program Files
\nodejs/node.exe" 
"C:\Program 
Files\nodejs/node_mo 
...
+ ~~~~~~~~~~~~~~~~~~~
~~~~~~~~~~~~~~~~~~~~~
~~~~~~~~~~~~~~~~~~~~~
~~~~~~~~
    + CategoryInfo   
           : NotSpe  
  cified: (Failed    
 to compile.:Stri    
ng) [], RemoteEx    
ception
    + FullyQualified 
   ErrorId : Native  
  CommandError
 

./lib/notion.ts:147:4
9
Type error: Property 
'query' does not 
exist on type '{ 
retrieve: (args: With
Auth<GetDatabasePathP
arameters>) => Promis
e<GetDatabaseResponse
>; create: (args: Wit
hAuth<CreateDatabaseB
odyParameters>) => 
Promise<...>; 
update: (args: 
WithAuth<...>) => 
Promise<...>; }'.

[0m [90m 145 
|[39m 
[36mexport[39m 
[36masync[39m 
[36mfunction[39m ge
tBlogPosts()[33m:[3
9m [33mPromise[39m
[33m<[39m[33mBlogPo
st[39m[][33m>[39m 
{
 [90m 146 |[39m    
 [36mtry[39m {
[31m[1m>[22m[39m
[90m 147 |[39m      
   [36mconst[39m 
response [33m=[39m 
[36mawait[39m notio
n[33m.[39mdatabases
[33m.[39mquery({
 [90m     |[39m    
                     
                     
   
[31m[1m^[22m[39m
 [90m 148 |[39m    
         database_id
[33m:[39m blogDataba
seId[33m,[39m
 [90m 149 |[39m    
         
sorts[33m:[39m [
 [90m 150 |[39m    
             {[0m
Next.js build worker 
exited with code: 1 
and signal: null
